../Drivers/STM32L0xx_HAL_Driver/Src/stm32l0xx_hal_rcc_ex.c:95:19:HAL_RCCEx_PeriphCLKConfig	32	static
../Drivers/STM32L0xx_HAL_Driver/Src/stm32l0xx_hal_rcc_ex.c:304:6:HAL_RCCEx_GetPeriphCLKConfig	24	static
../Drivers/STM32L0xx_HAL_Driver/Src/stm32l0xx_hal_rcc_ex.c:382:10:HAL_RCCEx_GetPeriphCLKFreq	48	static
../Drivers/STM32L0xx_HAL_Driver/Src/stm32l0xx_hal_rcc_ex.c:752:6:HAL_RCCEx_EnableLSECSS	8	static
../Drivers/STM32L0xx_HAL_Driver/Src/stm32l0xx_hal_rcc_ex.c:764:6:HAL_RCCEx_DisableLSECSS	8	static
../Drivers/STM32L0xx_HAL_Driver/Src/stm32l0xx_hal_rcc_ex.c:778:6:HAL_RCCEx_EnableLSECSS_IT	8	static
../Drivers/STM32L0xx_HAL_Driver/Src/stm32l0xx_hal_rcc_ex.c:795:6:HAL_RCCEx_LSECSS_IRQHandler	8	static
../Drivers/STM32L0xx_HAL_Driver/Src/stm32l0xx_hal_rcc_ex.c:812:13:HAL_RCCEx_LSECSS_Callback	8	static
../Drivers/STM32L0xx_HAL_Driver/Src/stm32l0xx_hal_rcc_ex.c:825:6:HAL_RCCEx_EnableHSI48_VREFINT	8	static
../Drivers/STM32L0xx_HAL_Driver/Src/stm32l0xx_hal_rcc_ex.c:836:6:HAL_RCCEx_DisableHSI48_VREFINT	8	static
../Drivers/STM32L0xx_HAL_Driver/Src/stm32l0xx_hal_rcc_ex.c:919:6:HAL_RCCEx_CRSConfig	24	static
../Drivers/STM32L0xx_HAL_Driver/Src/stm32l0xx_hal_rcc_ex.c:961:6:HAL_RCCEx_CRSSoftwareSynchronizationGenerate	8	static
../Drivers/STM32L0xx_HAL_Driver/Src/stm32l0xx_hal_rcc_ex.c:971:6:HAL_RCCEx_CRSGetSynchronizationInfo	16	static
../Drivers/STM32L0xx_HAL_Driver/Src/stm32l0xx_hal_rcc_ex.c:1004:10:HAL_RCCEx_CRSWaitSynchronization	24	static
../Drivers/STM32L0xx_HAL_Driver/Src/stm32l0xx_hal_rcc_ex.c:1087:6:HAL_RCCEx_CRS_IRQHandler	24	static
../Drivers/STM32L0xx_HAL_Driver/Src/stm32l0xx_hal_rcc_ex.c:1152:13:HAL_RCCEx_CRS_SyncOkCallback	8	static
../Drivers/STM32L0xx_HAL_Driver/Src/stm32l0xx_hal_rcc_ex.c:1163:13:HAL_RCCEx_CRS_SyncWarnCallback	8	static
../Drivers/STM32L0xx_HAL_Driver/Src/stm32l0xx_hal_rcc_ex.c:1174:13:HAL_RCCEx_CRS_ExpectedSyncCallback	8	static
../Drivers/STM32L0xx_HAL_Driver/Src/stm32l0xx_hal_rcc_ex.c:1190:13:HAL_RCCEx_CRS_ErrorCallback	16	static
