Archive member included to satisfy reference by file (symbol)

e:/apps/stmcubeide/stm32cubeide_1.11.0/stm32cubeide/plugins/com.st.stm32cube.ide.mcu.externaltools.gnu-tools-for-stm32.10.3-2021.10.win32_1.0.100.202210260954/tools/bin/../lib/gcc/arm-none-eabi/10.3.1/../../../../arm-none-eabi/lib/thumb/v6-m/nofp\libc_nano.a(lib_a-errno.o)
                              ./Core/Src/syscalls.o (__errno)
e:/apps/stmcubeide/stm32cubeide_1.11.0/stm32cubeide/plugins/com.st.stm32cube.ide.mcu.externaltools.gnu-tools-for-stm32.10.3-2021.10.win32_1.0.100.202210260954/tools/bin/../lib/gcc/arm-none-eabi/10.3.1/../../../../arm-none-eabi/lib/thumb/v6-m/nofp\libc_nano.a(lib_a-exit.o)
                              e:/apps/stmcubeide/stm32cubeide_1.11.0/stm32cubeide/plugins/com.st.stm32cube.ide.mcu.externaltools.gnu-tools-for-stm32.10.3-2021.10.win32_1.0.100.202210260954/tools/bin/../lib/gcc/arm-none-eabi/10.3.1/../../../../arm-none-eabi/lib/thumb/v6-m/nofp/crt0.o (exit)
e:/apps/stmcubeide/stm32cubeide_1.11.0/stm32cubeide/plugins/com.st.stm32cube.ide.mcu.externaltools.gnu-tools-for-stm32.10.3-2021.10.win32_1.0.100.202210260954/tools/bin/../lib/gcc/arm-none-eabi/10.3.1/../../../../arm-none-eabi/lib/thumb/v6-m/nofp\libc_nano.a(lib_a-impure.o)
                              e:/apps/stmcubeide/stm32cubeide_1.11.0/stm32cubeide/plugins/com.st.stm32cube.ide.mcu.externaltools.gnu-tools-for-stm32.10.3-2021.10.win32_1.0.100.202210260954/tools/bin/../lib/gcc/arm-none-eabi/10.3.1/../../../../arm-none-eabi/lib/thumb/v6-m/nofp\libc_nano.a(lib_a-exit.o) (_global_impure_ptr)
e:/apps/stmcubeide/stm32cubeide_1.11.0/stm32cubeide/plugins/com.st.stm32cube.ide.mcu.externaltools.gnu-tools-for-stm32.10.3-2021.10.win32_1.0.100.202210260954/tools/bin/../lib/gcc/arm-none-eabi/10.3.1/../../../../arm-none-eabi/lib/thumb/v6-m/nofp\libc_nano.a(lib_a-init.o)
                              e:/apps/stmcubeide/stm32cubeide_1.11.0/stm32cubeide/plugins/com.st.stm32cube.ide.mcu.externaltools.gnu-tools-for-stm32.10.3-2021.10.win32_1.0.100.202210260954/tools/bin/../lib/gcc/arm-none-eabi/10.3.1/../../../../arm-none-eabi/lib/thumb/v6-m/nofp/crt0.o (__libc_init_array)
e:/apps/stmcubeide/stm32cubeide_1.11.0/stm32cubeide/plugins/com.st.stm32cube.ide.mcu.externaltools.gnu-tools-for-stm32.10.3-2021.10.win32_1.0.100.202210260954/tools/bin/../lib/gcc/arm-none-eabi/10.3.1/../../../../arm-none-eabi/lib/thumb/v6-m/nofp\libc_nano.a(lib_a-memset.o)
                              e:/apps/stmcubeide/stm32cubeide_1.11.0/stm32cubeide/plugins/com.st.stm32cube.ide.mcu.externaltools.gnu-tools-for-stm32.10.3-2021.10.win32_1.0.100.202210260954/tools/bin/../lib/gcc/arm-none-eabi/10.3.1/../../../../arm-none-eabi/lib/thumb/v6-m/nofp/crt0.o (memset)
e:/apps/stmcubeide/stm32cubeide_1.11.0/stm32cubeide/plugins/com.st.stm32cube.ide.mcu.externaltools.gnu-tools-for-stm32.10.3-2021.10.win32_1.0.100.202210260954/tools/bin/../lib/gcc/arm-none-eabi/10.3.1/thumb/v6-m/nofp\libgcc.a(_udivsi3.o)
                              ./Core/Src/system_stm32l0xx.o (__aeabi_uidiv)
e:/apps/stmcubeide/stm32cubeide_1.11.0/stm32cubeide/plugins/com.st.stm32cube.ide.mcu.externaltools.gnu-tools-for-stm32.10.3-2021.10.win32_1.0.100.202210260954/tools/bin/../lib/gcc/arm-none-eabi/10.3.1/thumb/v6-m/nofp\libgcc.a(_dvmd_tls.o)
                              e:/apps/stmcubeide/stm32cubeide_1.11.0/stm32cubeide/plugins/com.st.stm32cube.ide.mcu.externaltools.gnu-tools-for-stm32.10.3-2021.10.win32_1.0.100.202210260954/tools/bin/../lib/gcc/arm-none-eabi/10.3.1/thumb/v6-m/nofp\libgcc.a(_udivsi3.o) (__aeabi_idiv0)
e:/apps/stmcubeide/stm32cubeide_1.11.0/stm32cubeide/plugins/com.st.stm32cube.ide.mcu.externaltools.gnu-tools-for-stm32.10.3-2021.10.win32_1.0.100.202210260954/tools/bin/../lib/gcc/arm-none-eabi/10.3.1/thumb/v6-m/nofp\libgcc.a(_aeabi_uldivmod.o)
                              ./Drivers/STM32L0xx_HAL_Driver/Src/stm32l0xx_hal_rcc.o (__aeabi_uldivmod)
e:/apps/stmcubeide/stm32cubeide_1.11.0/stm32cubeide/plugins/com.st.stm32cube.ide.mcu.externaltools.gnu-tools-for-stm32.10.3-2021.10.win32_1.0.100.202210260954/tools/bin/../lib/gcc/arm-none-eabi/10.3.1/thumb/v6-m/nofp\libgcc.a(_muldi3.o)
                              ./Drivers/STM32L0xx_HAL_Driver/Src/stm32l0xx_hal_rcc.o (__aeabi_lmul)
e:/apps/stmcubeide/stm32cubeide_1.11.0/stm32cubeide/plugins/com.st.stm32cube.ide.mcu.externaltools.gnu-tools-for-stm32.10.3-2021.10.win32_1.0.100.202210260954/tools/bin/../lib/gcc/arm-none-eabi/10.3.1/thumb/v6-m/nofp\libgcc.a(_udivmoddi4.o)
                              e:/apps/stmcubeide/stm32cubeide_1.11.0/stm32cubeide/plugins/com.st.stm32cube.ide.mcu.externaltools.gnu-tools-for-stm32.10.3-2021.10.win32_1.0.100.202210260954/tools/bin/../lib/gcc/arm-none-eabi/10.3.1/thumb/v6-m/nofp\libgcc.a(_aeabi_uldivmod.o) (__udivmoddi4)
e:/apps/stmcubeide/stm32cubeide_1.11.0/stm32cubeide/plugins/com.st.stm32cube.ide.mcu.externaltools.gnu-tools-for-stm32.10.3-2021.10.win32_1.0.100.202210260954/tools/bin/../lib/gcc/arm-none-eabi/10.3.1/thumb/v6-m/nofp\libgcc.a(_clzdi2.o)
[...]
Memory Configuration

Name             Origin             Length             Attributes
RAM              0x0000000020000000 0x0000000000005000 xrw
FLASH            0x0000000008000000 0x0000000000030000 xr
*default*        0x0000000000000000 0xffffffffffffffff

Linker script and memory map

LOAD e:/apps/stmcubeide/stm32cubeide_1.11.0/stm32cubeide/plugins/com.st.stm32cube.ide.mcu.externaltools.gnu-tools-for-stm32.10.3-2021.10.win32_1.0.100.202210260954/tools/bin/../lib/gcc/arm-none-eabi/10.3.1/thumb/v6-m/nofp/crti.o
LOAD e:/apps/stmcubeide/stm32cubeide_1.11.0/stm32cubeide/plugins/com.st.stm32cube.ide.mcu.externaltools.gnu-tools-for-stm32.10.3-2021.10.win32_1.0.100.202210260954/tools/bin/../lib/gcc/arm-none-eabi/10.3.1/thumb/v6-m/nofp/crtbegin.o
LOAD e:/apps/stmcubeide/stm32cubeide_1.11.0/stm32cubeide/plugins/com.st.stm32cube.ide.mcu.externaltools.gnu-tools-for-stm32.10.3-2021.10.win32_1.0.100.202210260954/tools/bin/../lib/gcc/arm-none-eabi/10.3.1/../../../../arm-none-eabi/lib/thumb/v6-m/nofp/crt0.o
LOAD ./Core/Src/main.o
LOAD ./Core/Src/stm32l0xx_hal_msp.o
LOAD ./Core/Src/stm32l0xx_it.o
LOAD ./Core/Src/syscalls.o
LOAD ./Core/Src/sysmem.o
LOAD ./Core/Src/system_stm32l0xx.o
LOAD ./Core/Startup/startup_stm32l072czyx.o
LOAD ./Drivers/STM32L0xx_HAL_Driver/Src/stm32l0xx_hal.o
LOAD ./Drivers/STM32L0xx_HAL_Driver/Src/stm32l0xx_hal_cortex.o
LOAD ./Drivers/STM32L0xx_HAL_Driver/Src/stm32l0xx_hal_dma.o
LOAD ./Drivers/STM32L0xx_HAL_Driver/Src/stm32l0xx_hal_exti.o
LOAD ./Drivers/STM32L0xx_HAL_Driver/Src/stm32l0xx_hal_flash.o
LOAD ./Drivers/STM32L0xx_HAL_Driver/Src/stm32l0xx_hal_flash_ex.o
LOAD ./Drivers/STM32L0xx_HAL_Driver/Src/stm32l0xx_hal_flash_ramfunc.o
LOAD ./Drivers/STM32L0xx_HAL_Driver/Src/stm32l0xx_hal_gpio.o
LOAD ./Drivers/STM32L0xx_HAL_Driver/Src/stm32l0xx_hal_i2c.o
LOAD ./Drivers/STM32L0xx_HAL_Driver/Src/stm32l0xx_hal_i2c_ex.o
LOAD ./Drivers/STM32L0xx_HAL_Driver/Src/stm32l0xx_hal_pwr.o
LOAD ./Drivers/STM32L0xx_HAL_Driver/Src/stm32l0xx_hal_pwr_ex.o
LOAD ./Drivers/STM32L0xx_HAL_Driver/Src/stm32l0xx_hal_rcc.o
LOAD ./Drivers/STM32L0xx_HAL_Driver/Src/stm32l0xx_hal_rcc_ex.o
LOAD ./Drivers/STM32L0xx_HAL_Driver/Src/stm32l0xx_hal_tim.o
LOAD ./Drivers/STM32L0xx_HAL_Driver/Src/stm32l0xx_hal_tim_ex.o
START GROUP
LOAD e:/apps/stmcubeide/stm32cubeide_1.11.0/stm32cubeide/plugins/com.st.stm32cube.ide.mcu.externaltools.gnu-tools-for-stm32.10.3-2021.10.win32_1.0.100.202210260954/tools/bin/../lib/gcc/arm-none-eabi/10.3.1/../../../../arm-none-eabi/lib/thumb/v6-m/nofp\libc_nano.a
LOAD e:/apps/stmcubeide/stm32cubeide_1.11.0/stm32cubeide/plugins/com.st.stm32cube.ide.mcu.externaltools.gnu-tools-for-stm32.10.3-2021.10.win32_1.0.100.202210260954/tools/bin/../lib/gcc/arm-none-eabi/10.3.1/../../../../arm-none-eabi/lib/thumb/v6-m/nofp\libm.a
END GROUP
START GROUP
LOAD e:/apps/stmcubeide/stm32cubeide_1.11.0/stm32cubeide/plugins/com.st.stm32cube.ide.mcu.externaltools.gnu-tools-for-stm32.10.3-2021.10.win32_1.0.100.202210260954/tools/bin/../lib/gcc/arm-none-eabi/10.3.1/thumb/v6-m/nofp\libgcc.a
LOAD e:/apps/stmcubeide/stm32cubeide_1.11.0/stm32cubeide/plugins/com.st.stm32cube.ide.mcu.externaltools.gnu-tools-for-stm32.10.3-2021.10.win32_1.0.100.202210260954/tools/bin/../lib/gcc/arm-none-eabi/10.3.1/../../../../arm-none-eabi/lib/thumb/v6-m/nofp\libc_nano.a
END GROUP
START GROUP
LOAD e:/apps/stmcubeide/stm32cubeide_1.11.0/stm32cubeide/plugins/com.st.stm32cube.ide.mcu.externaltools.gnu-tools-for-stm32.10.3-2021.10.win32_1.0.100.202210260954/tools/bin/../lib/gcc/arm-none-eabi/10.3.1/thumb/v6-m/nofp\libgcc.a
LOAD e:/apps/stmcubeide/stm32cubeide_1.11.0/stm32cubeide/plugins/com.st.stm32cube.ide.mcu.externaltools.gnu-tools-for-stm32.10.3-2021.10.win32_1.0.100.202210260954/tools/bin/../lib/gcc/arm-none-eabi/10.3.1/../../../../arm-none-eabi/lib/thumb/v6-m/nofp\libc_nano.a
LOAD e:/apps/stmcubeide/stm32cubeide_1.11.0/stm32cubeide/plugins/com.st.stm32cube.ide.mcu.externaltools.gnu-tools-for-stm32.10.3-2021.10.win32_1.0.100.202210260954/tools/bin/../lib/gcc/arm-none-eabi/10.3.1/../../../../arm-none-eabi/lib/thumb/v6-m/nofp\libnosys.a
END GROUP
START GROUP
LOAD e:/apps/stmcubeide/stm32cubeide_1.11.0/stm32cubeide/plugins/com.st.stm32cube.ide.mcu.externaltools.gnu-tools-for-stm32.10.3-2021.10.win32_1.0.100.202210260954/tools/bin/../lib/gcc/arm-none-eabi/10.3.1/thumb/v6-m/nofp\libgcc.a
LOAD e:/apps/stmcubeide/stm32cubeide_1.11.0/stm32cubeide/plugins/com.st.stm32cube.ide.mcu.externaltools.gnu-tools-for-stm32.10.3-2021.10.win32_1.0.100.202210260954/tools/bin/../lib/gcc/arm-none-eabi/10.3.1/../../../../arm-none-eabi/lib/thumb/v6-m/nofp\libc_nano.a
LOAD e:/apps/stmcubeide/stm32cubeide_1.11.0/stm32cubeide/plugins/com.st.stm32cube.ide.mcu.externaltools.gnu-tools-for-stm32.10.3-2021.10.win32_1.0.100.202210260954/tools/bin/../lib/gcc/arm-none-eabi/10.3.1/../../../../arm-none-eabi/lib/thumb/v6-m/nofp\libnosys.a
END GROUP
LOAD e:/apps/stmcubeide/stm32cubeide_1.11.0/stm32cubeide/plugins/com.st.stm32cube.ide.mcu.externaltools.gnu-tools-for-stm32.10.3-2021.10.win32_1.0.100.202210260954/tools/bin/../lib/gcc/arm-none-eabi/10.3.1/thumb/v6-m/nofp/crtend.o
LOAD e:/apps/stmcubeide/stm32cubeide_1.11.0/stm32cubeide/plugins/com.st.stm32cube.ide.mcu.externaltools.gnu-tools-for-stm32.10.3-2021.10.win32_1.0.100.202210260954/tools/bin/../lib/gcc/arm-none-eabi/10.3.1/thumb/v6-m/nofp/crtn.o
                0x0000000020005000                _estack = (ORIGIN (RAM) + LENGTH (RAM))
                0x0000000000000200                _Min_Heap_Size = 0x200
                0x0000000000000400                _Min_Stack_Size = 0x400

.isr_vector     0x0000000008000000       0xc0
                0x0000000008000000                . = ALIGN (0x4)
 *(.isr_vector)
 .isr_vector    0x0000000008000000       0xc0 ./Core/Startup/startup_stm32l072czyx.o
                0x0000000008000000                g_pfnVectors
                0x00000000080000c0                . = ALIGN (0x4)

.text           0x00000000080000c0     0x17ec
                0x00000000080000c0                . = ALIGN (0x4)
 *(.text)
 .text          0x00000000080000c0       0x48 e:/apps/stmcubeide/stm32cubeide_1.11.0/stm32cubeide/plugins/com.st.stm32cube.ide.mcu.externaltools.gnu-tools-for-stm32.10.3-2021.10.win32_1.0.100.202210260954/tools/bin/../lib/gcc/arm-none-eabi/10.3.1/thumb/v6-m/nofp/crtbegin.o
 .text          0x0000000008000108      0x114 e:/apps/stmcubeide/stm32cubeide_1.11.0/stm32cubeide/plugins/com.st.stm32cube.ide.mcu.externaltools.gnu-tools-for-stm32.10.3-2021.10.win32_1.0.100.202210260954/tools/bin/../lib/gcc/arm-none-eabi/10.3.1/thumb/v6-m/nofp\libgcc.a(_udivsi3.o)
                0x0000000008000108                __aeabi_uidiv
                0x0000000008000108                __udivsi3
                0x0000000008000214                __aeabi_uidivmod
 .text          0x000000000800021c        0x4 e:/apps/stmcubeide/stm32cubeide_1.11.0/stm32cubeide/plugins/com.st.stm32cube.ide.mcu.externaltools.gnu-tools-for-stm32.10.3-2021.10.win32_1.0.100.202210260954/tools/bin/../lib/gcc/arm-none-eabi/10.3.1/thumb/v6-m/nofp\libgcc.a(_dvmd_tls.o)
                0x000000000800021c                __aeabi_idiv0
                0x000000000800021c                __aeabi_ldiv0
 .text          0x0000000008000220       0x40 e:/apps/stmcubeide/stm32cubeide_1.11.0/stm32cubeide/plugins/com.st.stm32cube.ide.mcu.externaltools.gnu-tools-for-stm32.10.3-2021.10.win32_1.0.100.202210260954/tools/bin/../lib/gcc/arm-none-eabi/10.3.1/thumb/v6-m/nofp\libgcc.a(_aeabi_uldivmod.o)
                0x0000000008000220                __aeabi_uldivmod
 .text          0x0000000008000260       0x5c e:/apps/stmcubeide/stm32cubeide_1.11.0/stm32cubeide/plugins/com.st.stm32cube.ide.mcu.externaltools.gnu-tools-for-stm32.10.3-2021.10.win32_1.0.100.202210260954/tools/bin/../lib/gcc/arm-none-eabi/10.3.1/thumb/v6-m/nofp\libgcc.a(_muldi3.o)
                0x0000000008000260                __muldi3
                0x0000000008000260                __aeabi_lmul
 .text          0x00000000080002bc      0x198 e:/apps/stmcubeide/stm32cubeide_1.11.0/stm32cubeide/plugins/com.st.stm32cube.ide.mcu.externaltools.gnu-tools-for-stm32.10.3-2021.10.win32_1.0.100.202210260954/tools/bin/../lib/gcc/arm-none-eabi/10.3.1/thumb/v6-m/nofp\libgcc.a(_udivmoddi4.o)
                0x00000000080002bc                __udivmoddi4
 .text          0x0000000008000454       0x18 e:/apps/stmcubeide/stm32cubeide_1.11.0/stm32cubeide/plugins/com.st.stm32cube.ide.mcu.externaltools.gnu-tools-for-stm32.10.3-2021.10.win32_1.0.100.202210260954/tools/bin/../lib/gcc/arm-none-eabi/10.3.1/thumb/v6-m/nofp\libgcc.a(_clzdi2.o)
                0x0000000008000454                __clzdi2
 .text          0x000000000800046c       0x3c e:/apps/stmcubeide/stm32cubeide_1.11.0/stm32cubeide/plugins/com.st.stm32cube.ide.mcu.externaltools.gnu-tools-for-stm32.10.3-2021.10.win32_1.0.100.202210260954/tools/bin/../lib/gcc/arm-none-eabi/10.3.1/thumb/v6-m/nofp\libgcc.a(_clzsi2.o)
                0x000000000800046c                __clzsi2
 *(.text*)
 .text.main     0x00000000080004a8       0x2c ./Core/Src/main.o
                0x00000000080004a8                main
 .text.SystemClock_Config
                0x00000000080004d4       0xb8 ./Core/Src/main.o
                0x00000000080004d4                SystemClock_Config
 .text.MX_GPIO_Init
                0x000000000800058c       0x70 ./Core/Src/main.o
 .text.Error_Handler
                0x00000000080005fc        0xa ./Core/Src/main.o
                0x00000000080005fc                Error_Handler
 *fill*         0x0000000008000606        0x2 
 .text.HAL_MspInit
                0x0000000008000608       0x28 ./Core/Src/stm32l0xx_hal_msp.o
                0x0000000008000608                HAL_MspInit
 .text.NMI_Handler
                0x0000000008000630        0x6 ./Core/Src/stm32l0xx_it.o
                0x0000000008000630                NMI_Handler
 .text.HardFault_Handler
                0x0000000008000636        0x6 ./Core/Src/stm32l0xx_it.o
                0x0000000008000636                HardFault_Handler
 .text.SVC_Handler
                0x000000000800063c        0xa ./Core/Src/stm32l0xx_it.o
                0x000000000800063c                SVC_Handler
 .text.PendSV_Handler
                0x0000000008000646        0xa ./Core/Src/stm32l0xx_it.o
                0x0000000008000646                PendSV_Handler
 .text.SysTick_Handler
                0x0000000008000650        0xe ./Core/Src/stm32l0xx_it.o
                0x0000000008000650                SysTick_Handler
 .text.SystemInit
                0x000000000800065e        0xa ./Core/Src/system_stm32l0xx.o
                0x000000000800065e                SystemInit
 .text.Reset_Handler
                0x0000000008000668       0x50 ./Core/Startup/startup_stm32l072czyx.o
                0x0000000008000668                Reset_Handler
 .text.Default_Handler
                0x00000000080006b8        0x2 ./Core/Startup/startup_stm32l072czyx.o
                0x00000000080006b8                TSC_IRQHandler
                0x00000000080006b8                ADC1_COMP_IRQHandler
                0x00000000080006b8                PVD_IRQHandler
                0x00000000080006b8                I2C1_IRQHandler
                0x00000000080006b8                RCC_CRS_IRQHandler
                0x00000000080006b8                SPI1_IRQHandler
                0x00000000080006b8                TIM6_DAC_IRQHandler
                0x00000000080006b8                EXTI2_3_IRQHandler
                0x00000000080006b8                I2C2_IRQHandler
                0x00000000080006b8                RTC_IRQHandler
                0x00000000080006b8                DMA1_Channel4_5_6_7_IRQHandler
                0x00000000080006b8                TIM3_IRQHandler
                0x00000000080006b8                EXTI4_15_IRQHandler
                0x00000000080006b8                DMA1_Channel1_IRQHandler
                0x00000000080006b8                USART4_5_IRQHandler
                0x00000000080006b8                Default_Handler
                0x00000000080006b8                TIM22_IRQHandler
                0x00000000080006b8                TIM7_IRQHandler
                0x00000000080006b8                EXTI0_1_IRQHandler
                0x00000000080006b8                USB_IRQHandler
                0x00000000080006b8                I2C3_IRQHandler
                0x00000000080006b8                SPI2_IRQHandler
                0x00000000080006b8                TIM21_IRQHandler
                0x00000000080006b8                WWDG_IRQHandler
                0x00000000080006b8                TIM2_IRQHandler
                0x00000000080006b8                DMA1_Channel2_3_IRQHandler
                0x00000000080006b8                USART2_IRQHandler
                0x00000000080006b8                FLASH_IRQHandler
                0x00000000080006b8                USART1_IRQHandler
                0x00000000080006b8                RNG_LPUART1_IRQHandler
                0x00000000080006b8                LPTIM1_IRQHandler
 *fill*         0x00000000080006ba        0x2 
 .text.HAL_Init
                0x00000000080006bc       0x40 ./Drivers/STM32L0xx_HAL_Driver/Src/stm32l0xx_hal.o
                0x00000000080006bc                HAL_Init
 .text.HAL_InitTick
                0x00000000080006fc       0x68 ./Drivers/STM32L0xx_HAL_Driver/Src/stm32l0xx_hal.o
                0x00000000080006fc                HAL_InitTick
 .text.HAL_IncTick
                0x0000000008000764       0x24 ./Drivers/STM32L0xx_HAL_Driver/Src/stm32l0xx_hal.o
                0x0000000008000764                HAL_IncTick
 .text.HAL_GetTick
                0x0000000008000788       0x14 ./Drivers/STM32L0xx_HAL_Driver/Src/stm32l0xx_hal.o
                0x0000000008000788                HAL_GetTick
 .text.HAL_Delay
                0x000000000800079c       0x48 ./Drivers/STM32L0xx_HAL_Driver/Src/stm32l0xx_hal.o
                0x000000000800079c                HAL_Delay
 .text.__NVIC_SetPriority
                0x00000000080007e4       0xdc ./Drivers/STM32L0xx_HAL_Driver/Src/stm32l0xx_hal_cortex.o
 .text.SysTick_Config
                0x00000000080008c0       0x48 ./Drivers/STM32L0xx_HAL_Driver/Src/stm32l0xx_hal_cortex.o
 .text.HAL_NVIC_SetPriority
                0x0000000008000908       0x2a ./Drivers/STM32L0xx_HAL_Driver/Src/stm32l0xx_hal_cortex.o
                0x0000000008000908                HAL_NVIC_SetPriority
 .text.HAL_SYSTICK_Config
                0x0000000008000932       0x1a ./Drivers/STM32L0xx_HAL_Driver/Src/stm32l0xx_hal_cortex.o
                0x0000000008000932                HAL_SYSTICK_Config
 .text.HAL_GPIO_Init
                0x000000000800094c      0x2fc ./Drivers/STM32L0xx_HAL_Driver/Src/stm32l0xx_hal_gpio.o
                0x000000000800094c                HAL_GPIO_Init
 .text.HAL_GPIO_WritePin
                0x0000000008000c48       0x3a ./Drivers/STM32L0xx_HAL_Driver/Src/stm32l0xx_hal_gpio.o
                0x0000000008000c48                HAL_GPIO_WritePin
 .text.HAL_GPIO_TogglePin
                0x0000000008000c82       0x36 ./Drivers/STM32L0xx_HAL_Driver/Src/stm32l0xx_hal_gpio.o
                0x0000000008000c82                HAL_GPIO_TogglePin
 .text.HAL_RCC_OscConfig
                0x0000000008000cb8      0x7a8 ./Drivers/STM32L0xx_HAL_Driver/Src/stm32l0xx_hal_rcc.o
                0x0000000008000cb8                HAL_RCC_OscConfig
 .text.HAL_RCC_ClockConfig
                0x0000000008001460      0x290 ./Drivers/STM32L0xx_HAL_Driver/Src/stm32l0xx_hal_rcc.o
                0x0000000008001460                HAL_RCC_ClockConfig
 .text.HAL_RCC_GetSysClockFreq
                0x00000000080016f0      0x14c ./Drivers/STM32L0xx_HAL_Driver/Src/stm32l0xx_hal_rcc.o
                0x00000000080016f0                HAL_RCC_GetSysClockFreq
 .text.__libc_init_array
                0x000000000800183c       0x48 e:/apps/stmcubeide/stm32cubeide_1.11.0/stm32cubeide/plugins/com.st.stm32cube.ide.mcu.externaltools.gnu-tools-for-stm32.10.3-2021.10.win32_1.0.100.202210260954/tools/bin/../lib/gcc/arm-none-eabi/10.3.1/../../../../arm-none-eabi/lib/thumb/v6-m/nofp\libc_nano.a(lib_a-init.o)
                0x000000000800183c                __libc_init_array
 .text.memset   0x0000000008001884       0x10 e:/apps/stmcubeide/stm32cubeide_1.11.0/stm32cubeide/plugins/com.st.stm32cube.ide.mcu.externaltools.gnu-tools-for-stm32.10.3-2021.10.win32_1.0.100.202210260954/tools/bin/../lib/gcc/arm-none-eabi/10.3.1/../../../../arm-none-eabi/lib/thumb/v6-m/nofp\libc_nano.a(lib_a-memset.o)
                0x0000000008001884                memset
 *(.glue_7)
 .glue_7        0x0000000008001894        0x0 linker stubs
 *(.glue_7t)
 .glue_7t       0x0000000008001894        0x0 linker stubs
 *(.eh_frame)
 .eh_frame      0x0000000008001894        0x0 e:/apps/stmcubeide/stm32cubeide_1.11.0/stm32cubeide/plugins/com.st.stm32cube.ide.mcu.externaltools.gnu-tools-for-stm32.10.3-2021.10.win32_1.0.100.202210260954/tools/bin/../lib/gcc/arm-none-eabi/10.3.1/thumb/v6-m/nofp/crtbegin.o
 *(.init)
 .init          0x0000000008001894        0x4 e:/apps/stmcubeide/stm32cubeide_1.11.0/stm32cubeide/plugins/com.st.stm32cube.ide.mcu.externaltools.gnu-tools-for-stm32.10.3-2021.10.win32_1.0.100.202210260954/tools/bin/../lib/gcc/arm-none-eabi/10.3.1/thumb/v6-m/nofp/crti.o
                0x0000000008001894                _init
 .init          0x0000000008001898        0x8 e:/apps/stmcubeide/stm32cubeide_1.11.0/stm32cubeide/plugins/com.st.stm32cube.ide.mcu.externaltools.gnu-tools-for-stm32.10.3-2021.10.win32_1.0.100.202210260954/tools/bin/../lib/gcc/arm-none-eabi/10.3.1/thumb/v6-m/nofp/crtn.o
 *(.fini)
 .fini          0x00000000080018a0        0x4 e:/apps/stmcubeide/stm32cubeide_1.11.0/stm32cubeide/plugins/com.st.stm32cube.ide.mcu.externaltools.gnu-tools-for-stm32.10.3-2021.10.win32_1.0.100.202210260954/tools/bin/../lib/gcc/arm-none-eabi/10.3.1/thumb/v6-m/nofp/crti.o
                0x00000000080018a0                _fini
 .fini          0x00000000080018a4        0x8 e:/apps/stmcubeide/stm32cubeide_1.11.0/stm32cubeide/plugins/com.st.stm32cube.ide.mcu.externaltools.gnu-tools-for-stm32.10.3-2021.10.win32_1.0.100.202210260954/tools/bin/../lib/gcc/arm-none-eabi/10.3.1/thumb/v6-m/nofp/crtn.o
                0x00000000080018ac                . = ALIGN (0x4)
                0x00000000080018ac                _etext = .

.vfp11_veneer   0x00000000080018ac        0x0
 .vfp11_veneer  0x00000000080018ac        0x0 linker stubs

.v4_bx          0x00000000080018ac        0x0
 .v4_bx         0x00000000080018ac        0x0 linker stubs

.iplt           0x00000000080018ac        0x0
 .iplt          0x00000000080018ac        0x0 e:/apps/stmcubeide/stm32cubeide_1.11.0/stm32cubeide/plugins/com.st.stm32cube.ide.mcu.externaltools.gnu-tools-for-stm32.10.3-2021.10.win32_1.0.100.202210260954/tools/bin/../lib/gcc/arm-none-eabi/10.3.1/thumb/v6-m/nofp/crtbegin.o

.rodata         0x00000000080018ac       0x1c
                0x00000000080018ac                . = ALIGN (0x4)
 *(.rodata)
 *(.rodata*)
 .rodata.AHBPrescTable
                0x00000000080018ac       0x10 ./Core/Src/system_stm32l0xx.o
                0x00000000080018ac                AHBPrescTable
 .rodata.PLLMulTable
                0x00000000080018bc        0x9 ./Core/Src/system_stm32l0xx.o
                0x00000000080018bc                PLLMulTable
                0x00000000080018c8                . = ALIGN (0x4)
 *fill*         0x00000000080018c5        0x3 

.ARM.extab      0x00000000080018c8        0x0
                0x00000000080018c8                . = ALIGN (0x4)
 *(.ARM.extab* .gnu.linkonce.armextab.*)
                0x00000000080018c8                . = ALIGN (0x4)

.ARM            0x00000000080018c8        0x8
                0x00000000080018c8                . = ALIGN (0x4)
                0x00000000080018c8                __exidx_start = .
 *(.ARM.exidx*)
 .ARM.exidx     0x00000000080018c8        0x8 e:/apps/stmcubeide/stm32cubeide_1.11.0/stm32cubeide/plugins/com.st.stm32cube.ide.mcu.externaltools.gnu-tools-for-stm32.10.3-2021.10.win32_1.0.100.202210260954/tools/bin/../lib/gcc/arm-none-eabi/10.3.1/thumb/v6-m/nofp\libgcc.a(_udivmoddi4.o)
                0x00000000080018d0                __exidx_end = .
                0x00000000080018d0                . = ALIGN (0x4)

.rel.dyn        0x00000000080018d0        0x0
 .rel.iplt      0x00000000080018d0        0x0 e:/apps/stmcubeide/stm32cubeide_1.11.0/stm32cubeide/plugins/com.st.stm32cube.ide.mcu.externaltools.gnu-tools-for-stm32.10.3-2021.10.win32_1.0.100.202210260954/tools/bin/../lib/gcc/arm-none-eabi/10.3.1/thumb/v6-m/nofp/crtbegin.o

.preinit_array  0x00000000080018d0        0x0
                0x00000000080018d0                . = ALIGN (0x4)
                0x00000000080018d0                PROVIDE (__preinit_array_start = .)
 *(.preinit_array*)
                0x00000000080018d0                PROVIDE (__preinit_array_end = .)
                0x00000000080018d0                . = ALIGN (0x4)

.init_array     0x00000000080018d0        0x4
                0x00000000080018d0                . = ALIGN (0x4)
                0x00000000080018d0                PROVIDE (__init_array_start = .)
 *(SORT_BY_NAME(.init_array.*))
 *(.init_array*)
 .init_array    0x00000000080018d0        0x4 e:/apps/stmcubeide/stm32cubeide_1.11.0/stm32cubeide/plugins/com.st.stm32cube.ide.mcu.externaltools.gnu-tools-for-stm32.10.3-2021.10.win32_1.0.100.202210260954/tools/bin/../lib/gcc/arm-none-eabi/10.3.1/thumb/v6-m/nofp/crtbegin.o
                0x00000000080018d4                PROVIDE (__init_array_end = .)
                0x00000000080018d4                . = ALIGN (0x4)

.fini_array     0x00000000080018d4        0x4
                0x00000000080018d4                . = ALIGN (0x4)
                [!provide]                        PROVIDE (__fini_array_start = .)
 *(SORT_BY_NAME(.fini_array.*))
 *(.fini_array*)
 .fini_array    0x00000000080018d4        0x4 e:/apps/stmcubeide/stm32cubeide_1.11.0/stm32cubeide/plugins/com.st.stm32cube.ide.mcu.externaltools.gnu-tools-for-stm32.10.3-2021.10.win32_1.0.100.202210260954/tools/bin/../lib/gcc/arm-none-eabi/10.3.1/thumb/v6-m/nofp/crtbegin.o
                [!provide]                        PROVIDE (__fini_array_end = .)
                0x00000000080018d8                . = ALIGN (0x4)
                0x00000000080018d8                _sidata = LOADADDR (.data)

.data           0x0000000020000000        0xc load address 0x00000000080018d8
                0x0000000020000000                . = ALIGN (0x4)
                0x0000000020000000                _sdata = .
 *(.data)
 *(.data*)
 .data.SystemCoreClock
                0x0000000020000000        0x4 ./Core/Src/system_stm32l0xx.o
                0x0000000020000000                SystemCoreClock
 .data.uwTickPrio
                0x0000000020000004        0x4 ./Drivers/STM32L0xx_HAL_Driver/Src/stm32l0xx_hal.o
                0x0000000020000004                uwTickPrio
 .data.uwTickFreq
                0x0000000020000008        0x1 ./Drivers/STM32L0xx_HAL_Driver/Src/stm32l0xx_hal.o
                0x0000000020000008                uwTickFreq
 *(.RamFunc)
 *(.RamFunc*)
                0x000000002000000c                . = ALIGN (0x4)
 *fill*         0x0000000020000009        0x3 
                0x000000002000000c                _edata = .

.igot.plt       0x000000002000000c        0x0 load address 0x00000000080018e4
 .igot.plt      0x000000002000000c        0x0 e:/apps/stmcubeide/stm32cubeide_1.11.0/stm32cubeide/plugins/com.st.stm32cube.ide.mcu.externaltools.gnu-tools-for-stm32.10.3-2021.10.win32_1.0.100.202210260954/tools/bin/../lib/gcc/arm-none-eabi/10.3.1/thumb/v6-m/nofp/crtbegin.o
                0x000000002000000c                . = ALIGN (0x4)

.bss            0x000000002000000c       0x20 load address 0x00000000080018e4
                0x000000002000000c                _sbss = .
                0x000000002000000c                __bss_start__ = _sbss
 *(.bss)
 .bss           0x000000002000000c       0x1c e:/apps/stmcubeide/stm32cubeide_1.11.0/stm32cubeide/plugins/com.st.stm32cube.ide.mcu.externaltools.gnu-tools-for-stm32.10.3-2021.10.win32_1.0.100.202210260954/tools/bin/../lib/gcc/arm-none-eabi/10.3.1/thumb/v6-m/nofp/crtbegin.o
 *(.bss*)
 .bss.uwTick    0x0000000020000028        0x4 ./Drivers/STM32L0xx_HAL_Driver/Src/stm32l0xx_hal.o
                0x0000000020000028                uwTick
 *(COMMON)
                0x000000002000002c                . = ALIGN (0x4)
                0x000000002000002c                _ebss = .
                0x000000002000002c                __bss_end__ = _ebss

._user_heap_stack
                0x000000002000002c      0x604 load address 0x00000000080018e4
                0x0000000020000030                . = ALIGN (0x8)
 *fill*         0x000000002000002c        0x4 
                [!provide]                        PROVIDE (end = .)
                0x0000000020000030                PROVIDE (_end = .)
                0x0000000020000230                . = (. + _Min_Heap_Size)
 *fill*         0x0000000020000030      0x200 
                0x0000000020000630                . = (. + _Min_Stack_Size)
 *fill*         0x0000000020000230      0x400 
                0x0000000020000630                . = ALIGN (0x8)

/DISCARD/
 libc.a(*)
 libm.a(*)
 libgcc.a(*)

.ARM.attributes
                0x0000000000000000       0x28
 *(.ARM.attributes)
 .ARM.attributes
                0x0000000000000000       0x1e e:/apps/stmcubeide/stm32cubeide_1.11.0/stm32cubeide/plugins/com.st.stm32cube.ide.mcu.externaltools.gnu-tools-for-stm32.10.3-2021.10.win32_1.0.100.202210260954/tools/bin/../lib/gcc/arm-none-eabi/10.3.1/thumb/v6-m/nofp/crti.o
 .ARM.attributes
                0x000000000000001e       0x2c e:/apps/stmcubeide/stm32cubeide_1.11.0/stm32cubeide/plugins/com.st.stm32cube.ide.mcu.externaltools.gnu-tools-for-stm32.10.3-2021.10.win32_1.0.100.202210260954/tools/bin/../lib/gcc/arm-none-eabi/10.3.1/thumb/v6-m/nofp/crtbegin.o
 .ARM.attributes
                0x000000000000004a       0x2c ./Core/Src/main.o
 .ARM.attributes
                0x0000000000000076       0x2c ./Core/Src/stm32l0xx_hal_msp.o
 .ARM.attributes
                0x00000000000000a2       0x2c ./Core/Src/stm32l0xx_it.o
 .ARM.attributes
                0x00000000000000ce       0x2c ./Core/Src/system_stm32l0xx.o
 .ARM.attributes
                0x00000000000000fa       0x22 ./Core/Startup/startup_stm32l072czyx.o
 .ARM.attributes
                0x000000000000011c       0x2c ./Drivers/STM32L0xx_HAL_Driver/Src/stm32l0xx_hal.o
 .ARM.attributes
                0x0000000000000148       0x2c ./Drivers/STM32L0xx_HAL_Driver/Src/stm32l0xx_hal_cortex.o
 .ARM.attributes
                0x0000000000000174       0x2c ./Drivers/STM32L0xx_HAL_Driver/Src/stm32l0xx_hal_gpio.o
 .ARM.attributes
                0x00000000000001a0       0x2c ./Drivers/STM32L0xx_HAL_Driver/Src/stm32l0xx_hal_rcc.o
 .ARM.attributes
                0x00000000000001cc       0x2c e:/apps/stmcubeide/stm32cubeide_1.11.0/stm32cubeide/plugins/com.st.stm32cube.ide.mcu.externaltools.gnu-tools-for-stm32.10.3-2021.10.win32_1.0.100.202210260954/tools/bin/../lib/gcc/arm-none-eabi/10.3.1/../../../../arm-none-eabi/lib/thumb/v6-m/nofp\libc_nano.a(lib_a-init.o)
 .ARM.attributes
                0x00000000000001f8       0x2c e:/apps/stmcubeide/stm32cubeide_1.11.0/stm32cubeide/plugins/com.st.stm32cube.ide.mcu.externaltools.gnu-tools-for-stm32.10.3-2021.10.win32_1.0.100.202210260954/tools/bin/../lib/gcc/arm-none-eabi/10.3.1/../../../../arm-none-eabi/lib/thumb/v6-m/nofp\libc_nano.a(lib_a-memset.o)
 .ARM.attributes
                0x0000000000000224       0x1e e:/apps/stmcubeide/stm32cubeide_1.11.0/stm32cubeide/plugins/com.st.stm32cube.ide.mcu.externaltools.gnu-tools-for-stm32.10.3-2021.10.win32_1.0.100.202210260954/tools/bin/../lib/gcc/arm-none-eabi/10.3.1/thumb/v6-m/nofp\libgcc.a(_udivsi3.o)
 .ARM.attributes
                0x0000000000000242       0x1e e:/apps/stmcubeide/stm32cubeide_1.11.0/stm32cubeide/plugins/com.st.stm32cube.ide.mcu.externaltools.gnu-tools-for-stm32.10.3-2021.10.win32_1.0.100.202210260954/tools/bin/../lib/gcc/arm-none-eabi/10.3.1/thumb/v6-m/nofp\libgcc.a(_dvmd_tls.o)
 .ARM.attributes
                0x0000000000000260       0x1e e:/apps/stmcubeide/stm32cubeide_1.11.0/stm32cubeide/plugins/com.st.stm32cube.ide.mcu.externaltools.gnu-tools-for-stm32.10.3-2021.10.win32_1.0.100.202210260954/tools/bin/../lib/gcc/arm-none-eabi/10.3.1/thumb/v6-m/nofp\libgcc.a(_aeabi_uldivmod.o)
 .ARM.attributes
                0x000000000000027e       0x2c e:/apps/stmcubeide/stm32cubeide_1.11.0/stm32cubeide/plugins/com.st.stm32cube.ide.mcu.externaltools.gnu-tools-for-stm32.10.3-2021.10.win32_1.0.100.202210260954/tools/bin/../lib/gcc/arm-none-eabi/10.3.1/thumb/v6-m/nofp\libgcc.a(_muldi3.o)
 .ARM.attributes
                0x00000000000002aa       0x2c e:/apps/stmcubeide/stm32cubeide_1.11.0/stm32cubeide/plugins/com.st.stm32cube.ide.mcu.externaltools.gnu-tools-for-stm32.10.3-2021.10.win32_1.0.100.202210260954/tools/bin/../lib/gcc/arm-none-eabi/10.3.1/thumb/v6-m/nofp\libgcc.a(_udivmoddi4.o)
 .ARM.attributes
                0x00000000000002d6       0x1e e:/apps/stmcubeide/stm32cubeide_1.11.0/stm32cubeide/plugins/com.st.stm32cube.ide.mcu.externaltools.gnu-tools-for-stm32.10.3-2021.10.win32_1.0.100.202210260954/tools/bin/../lib/gcc/arm-none-eabi/10.3.1/thumb/v6-m/nofp\libgcc.a(_clzdi2.o)
 .ARM.attributes
                0x00000000000002f4       0x1e e:/apps/stmcubeide/stm32cubeide_1.11.0/stm32cubeide/plugins/com.st.stm32cube.ide.mcu.externaltools.gnu-tools-for-stm32.10.3-2021.10.win32_1.0.100.202210260954/tools/bin/../lib/gcc/arm-none-eabi/10.3.1/thumb/v6-m/nofp\libgcc.a(_clzsi2.o)
 .ARM.attributes
                0x0000000000000312       0x1e e:/apps/stmcubeide/stm32cubeide_1.11.0/stm32cubeide/plugins/com.st.stm32cube.ide.mcu.externaltools.gnu-tools-for-stm32.10.3-2021.10.win32_1.0.100.202210260954/tools/bin/../lib/gcc/arm-none-eabi/10.3.1/thumb/v6-m/nofp/crtn.o
OUTPUT(LED_BLINK.elf elf32-littlearm)
LOAD linker stubs
LOAD e:/apps/stmcubeide/stm32cubeide_1.11.0/stm32cubeide/plugins/com.st.stm32cube.ide.mcu.externaltools.gnu-tools-for-stm32.10.3-2021.10.win32_1.0.100.202210260954/tools/bin/../lib/gcc/arm-none-eabi/10.3.1/../../../../arm-none-eabi/lib/thumb/v6-m/nofp\libc.a
LOAD e:/apps/stmcubeide/stm32cubeide_1.11.0/stm32cubeide/plugins/com.st.stm32cube.ide.mcu.externaltools.gnu-tools-for-stm32.10.3-2021.10.win32_1.0.100.202210260954/tools/bin/../lib/gcc/arm-none-eabi/10.3.1/../../../../arm-none-eabi/lib/thumb/v6-m/nofp\libm.a
LOAD e:/apps/stmcubeide/stm32cubeide_1.11.0/stm32cubeide/plugins/com.st.stm32cube.ide.mcu.externaltools.gnu-tools-for-stm32.10.3-2021.10.win32_1.0.100.202210260954/tools/bin/../lib/gcc/arm-none-eabi/10.3.1/thumb/v6-m/nofp\libgcc.a

.debug_info     0x0000000000000000     0x2f21
 .debug_info    0x0000000000000000      0x64d ./Core/Src/main.o
 .debug_info    0x000000000000064d      0x1e3 ./Core/Src/stm32l0xx_hal_msp.o
 .debug_info    0x0000000000000830       0xda ./Core/Src/stm32l0xx_it.o
 .debug_info    0x000000000000090a      0x309 ./Core/Src/system_stm32l0xx.o
 .debug_info    0x0000000000000c13       0x22 ./Core/Startup/startup_stm32l072czyx.o
 .debug_info    0x0000000000000c35      0x8e7 ./Drivers/STM32L0xx_HAL_Driver/Src/stm32l0xx_hal.o
 .debug_info    0x000000000000151c      0x8db ./Drivers/STM32L0xx_HAL_Driver/Src/stm32l0xx_hal_cortex.o
 .debug_info    0x0000000000001df7      0x6aa ./Drivers/STM32L0xx_HAL_Driver/Src/stm32l0xx_hal_gpio.o
 .debug_info    0x00000000000024a1      0xa80 ./Drivers/STM32L0xx_HAL_Driver/Src/stm32l0xx_hal_rcc.o

.debug_abbrev   0x0000000000000000      0xd87
 .debug_abbrev  0x0000000000000000      0x1dd ./Core/Src/main.o
 .debug_abbrev  0x00000000000001dd       0x9d ./Core/Src/stm32l0xx_hal_msp.o
 .debug_abbrev  0x000000000000027a       0x74 ./Core/Src/stm32l0xx_it.o
 .debug_abbrev  0x00000000000002ee      0x116 ./Core/Src/system_stm32l0xx.o
 .debug_abbrev  0x0000000000000404       0x12 ./Core/Startup/startup_stm32l072czyx.o
 .debug_abbrev  0x0000000000000416      0x29a ./Drivers/STM32L0xx_HAL_Driver/Src/stm32l0xx_hal.o
 .debug_abbrev  0x00000000000006b0      0x28e ./Drivers/STM32L0xx_HAL_Driver/Src/stm32l0xx_hal_cortex.o
 .debug_abbrev  0x000000000000093e      0x1bb ./Drivers/STM32L0xx_HAL_Driver/Src/stm32l0xx_hal_gpio.o
 .debug_abbrev  0x0000000000000af9      0x28e ./Drivers/STM32L0xx_HAL_Driver/Src/stm32l0xx_hal_rcc.o

.debug_aranges  0x0000000000000000      0x3a8
 .debug_aranges
                0x0000000000000000       0x38 ./Core/Src/main.o
 .debug_aranges
                0x0000000000000038       0x20 ./Core/Src/stm32l0xx_hal_msp.o
 .debug_aranges
                0x0000000000000058       0x40 ./Core/Src/stm32l0xx_it.o
 .debug_aranges
                0x0000000000000098       0x28 ./Core/Src/system_stm32l0xx.o
 .debug_aranges
                0x00000000000000c0       0x28 ./Core/Startup/startup_stm32l072czyx.o
 .debug_aranges
                0x00000000000000e8      0x110 ./Drivers/STM32L0xx_HAL_Driver/Src/stm32l0xx_hal.o
 .debug_aranges
                0x00000000000001f8       0xd8 ./Drivers/STM32L0xx_HAL_Driver/Src/stm32l0xx_hal_cortex.o
 .debug_aranges
                0x00000000000002d0       0x58 ./Drivers/STM32L0xx_HAL_Driver/Src/stm32l0xx_hal_gpio.o
 .debug_aranges
                0x0000000000000328       0x80 ./Drivers/STM32L0xx_HAL_Driver/Src/stm32l0xx_hal_rcc.o

.debug_ranges   0x0000000000000000      0x320
 .debug_ranges  0x0000000000000000       0x28 ./Core/Src/main.o
 .debug_ranges  0x0000000000000028       0x10 ./Core/Src/stm32l0xx_hal_msp.o
 .debug_ranges  0x0000000000000038       0x30 ./Core/Src/stm32l0xx_it.o
 .debug_ranges  0x0000000000000068       0x18 ./Core/Src/system_stm32l0xx.o
 .debug_ranges  0x0000000000000080       0x20 ./Core/Startup/startup_stm32l072czyx.o
 .debug_ranges  0x00000000000000a0      0x100 ./Drivers/STM32L0xx_HAL_Driver/Src/stm32l0xx_hal.o
 .debug_ranges  0x00000000000001a0       0xc8 ./Drivers/STM32L0xx_HAL_Driver/Src/stm32l0xx_hal_cortex.o
 .debug_ranges  0x0000000000000268       0x48 ./Drivers/STM32L0xx_HAL_Driver/Src/stm32l0xx_hal_gpio.o
 .debug_ranges  0x00000000000002b0       0x70 ./Drivers/STM32L0xx_HAL_Driver/Src/stm32l0xx_hal_rcc.o

.debug_macro    0x0000000000000000    0x12746
 .debug_macro   0x0000000000000000      0x1b0 ./Core/Src/main.o
 .debug_macro   0x00000000000001b0      0xa4e ./Core/Src/main.o
 .debug_macro   0x0000000000000bfe      0x119 ./Core/Src/main.o
 .debug_macro   0x0000000000000d17       0x2e ./Core/Src/main.o
 .debug_macro   0x0000000000000d45       0x28 ./Core/Src/main.o
 .debug_macro   0x0000000000000d6d       0x22 ./Core/Src/main.o
 .debug_macro   0x0000000000000d8f       0x8e ./Core/Src/main.o
 .debug_macro   0x0000000000000e1d       0x51 ./Core/Src/main.o
 .debug_macro   0x0000000000000e6e      0x103 ./Core/Src/main.o
 .debug_macro   0x0000000000000f71       0x6a ./Core/Src/main.o
 .debug_macro   0x0000000000000fdb      0x1df ./Core/Src/main.o
 .debug_macro   0x00000000000011ba       0x1c ./Core/Src/main.o
 .debug_macro   0x00000000000011d6       0x22 ./Core/Src/main.o
 .debug_macro   0x00000000000011f8       0xaf ./Core/Src/main.o
 .debug_macro   0x00000000000012a7      0x4da ./Core/Src/main.o
 .debug_macro   0x0000000000001781      0x11f ./Core/Src/main.o
 .debug_macro   0x00000000000018a0     0xa104 ./Core/Src/main.o
 .debug_macro   0x000000000000b9a4       0x66 ./Core/Src/main.o
 .debug_macro   0x000000000000ba0a     0x355c ./Core/Src/main.o
 .debug_macro   0x000000000000ef66      0x174 ./Core/Src/main.o
 .debug_macro   0x000000000000f0da       0x5b ./Core/Src/main.o
 .debug_macro   0x000000000000f135      0x8eb ./Core/Src/main.o
 .debug_macro   0x000000000000fa20      0xb52 ./Core/Src/main.o
 .debug_macro   0x0000000000010572      0x197 ./Core/Src/main.o
 .debug_macro   0x0000000000010709      0x13f ./Core/Src/main.o
 .debug_macro   0x0000000000010848      0x1ca ./Core/Src/main.o
 .debug_macro   0x0000000000010a12       0x82 ./Core/Src/main.o
 .debug_macro   0x0000000000010a94      0x28e ./Core/Src/main.o
 .debug_macro   0x0000000000010d22      0x1e9 ./Core/Src/main.o
 .debug_macro   0x0000000000010f0b      0x13e ./Core/Src/main.o
 .debug_macro   0x0000000000011049      0x4b5 ./Core/Src/main.o
 .debug_macro   0x00000000000114fe      0x22c ./Core/Src/main.o
 .debug_macro   0x000000000001172a       0x5b ./Core/Src/main.o
 .debug_macro   0x0000000000011785       0xa5 ./Core/Src/main.o
 .debug_macro   0x000000000001182a      0x18d ./Core/Src/main.o
 .debug_macro   0x00000000000119b7       0x16 ./Core/Src/main.o
 .debug_macro   0x00000000000119cd      0x170 ./Core/Src/main.o
 .debug_macro   0x0000000000011b3d      0x1b0 ./Core/Src/stm32l0xx_hal_msp.o
 .debug_macro   0x0000000000011ced      0x1ba ./Core/Src/stm32l0xx_it.o
 .debug_macro   0x0000000000011ea7      0x1a6 ./Core/Src/system_stm32l0xx.o
 .debug_macro   0x000000000001204d      0x1ca ./Drivers/STM32L0xx_HAL_Driver/Src/stm32l0xx_hal.o
 .debug_macro   0x0000000000012217      0x1a6 ./Drivers/STM32L0xx_HAL_Driver/Src/stm32l0xx_hal_cortex.o
 .debug_macro   0x00000000000123bd      0x1ad ./Drivers/STM32L0xx_HAL_Driver/Src/stm32l0xx_hal_gpio.o
 .debug_macro   0x000000000001256a      0x1dc ./Drivers/STM32L0xx_HAL_Driver/Src/stm32l0xx_hal_rcc.o

.debug_line     0x0000000000000000     0x4bd8
 .debug_line    0x0000000000000000      0x76b ./Core/Src/main.o
 .debug_line    0x000000000000076b      0x6c9 ./Core/Src/stm32l0xx_hal_msp.o
 .debug_line    0x0000000000000e34      0x72e ./Core/Src/stm32l0xx_it.o
 .debug_line    0x0000000000001562      0x77a ./Core/Src/system_stm32l0xx.o
 .debug_line    0x0000000000001cdc       0x89 ./Core/Startup/startup_stm32l072czyx.o
 .debug_line    0x0000000000001d65      0xa1d ./Drivers/STM32L0xx_HAL_Driver/Src/stm32l0xx_hal.o
 .debug_line    0x0000000000002782      0xaeb ./Drivers/STM32L0xx_HAL_Driver/Src/stm32l0xx_hal_cortex.o
 .debug_line    0x000000000000326d      0xac2 ./Drivers/STM32L0xx_HAL_Driver/Src/stm32l0xx_hal_gpio.o
 .debug_line    0x0000000000003d2f      0xea9 ./Drivers/STM32L0xx_HAL_Driver/Src/stm32l0xx_hal_rcc.o

.debug_str      0x0000000000000000    0x7274d
 .debug_str     0x0000000000000000    0x7193e ./Core/Src/main.o
                                      0x71c1e (size before relaxing)
 .debug_str     0x000000000007193e       0x2c ./Core/Src/stm32l0xx_hal_msp.o
                                      0x71956 (size before relaxing)
 .debug_str     0x000000000007196a       0x82 ./Core/Src/stm32l0xx_it.o
                                      0x71900 (size before relaxing)
 .debug_str     0x00000000000719ec       0xa3 ./Core/Src/system_stm32l0xx.o
                                      0x719cb (size before relaxing)
 .debug_str     0x0000000000071a8f       0x36 ./Core/Startup/startup_stm32l072czyx.o
                                         0x6c (size before relaxing)
 .debug_str     0x0000000000071ac5      0x613 ./Drivers/STM32L0xx_HAL_Driver/Src/stm32l0xx_hal.o
                                      0x720f3 (size before relaxing)
 .debug_str     0x00000000000720d8      0x2c3 ./Drivers/STM32L0xx_HAL_Driver/Src/stm32l0xx_hal_cortex.o
                                      0x71e47 (size before relaxing)
 .debug_str     0x000000000007239b       0xfb ./Drivers/STM32L0xx_HAL_Driver/Src/stm32l0xx_hal_gpio.o
                                      0x71b6b (size before relaxing)
 .debug_str     0x0000000000072496      0x2b7 ./Drivers/STM32L0xx_HAL_Driver/Src/stm32l0xx_hal_rcc.o
                                      0x71f18 (size before relaxing)

.comment        0x0000000000000000       0x50
 .comment       0x0000000000000000       0x50 ./Core/Src/main.o
                                         0x51 (size before relaxing)
 .comment       0x0000000000000050       0x51 ./Core/Src/stm32l0xx_hal_msp.o
 .comment       0x0000000000000050       0x51 ./Core/Src/stm32l0xx_it.o
 .comment       0x0000000000000050       0x51 ./Core/Src/system_stm32l0xx.o
 .comment       0x0000000000000050       0x51 ./Drivers/STM32L0xx_HAL_Driver/Src/stm32l0xx_hal.o
 .comment       0x0000000000000050       0x51 ./Drivers/STM32L0xx_HAL_Driver/Src/stm32l0xx_hal_cortex.o
 .comment       0x0000000000000050       0x51 ./Drivers/STM32L0xx_HAL_Driver/Src/stm32l0xx_hal_gpio.o
 .comment       0x0000000000000050       0x51 ./Drivers/STM32L0xx_HAL_Driver/Src/stm32l0xx_hal_rcc.o

.debug_frame    0x0000000000000000      0xbc0
 .debug_frame   0x0000000000000000       0x88 ./Core/Src/main.o
 .debug_frame   0x0000000000000088       0x2c ./Core/Src/stm32l0xx_hal_msp.o
 .debug_frame   0x00000000000000b4       0x9c ./Core/Src/stm32l0xx_it.o
 .debug_frame   0x0000000000000150       0x4c ./Core/Src/system_stm32l0xx.o
 .debug_frame   0x000000000000019c      0x394 ./Drivers/STM32L0xx_HAL_Driver/Src/stm32l0xx_hal.o
 .debug_frame   0x0000000000000530      0x2fc ./Drivers/STM32L0xx_HAL_Driver/Src/stm32l0xx_hal_cortex.o
 .debug_frame   0x000000000000082c      0x110 ./Drivers/STM32L0xx_HAL_Driver/Src/stm32l0xx_hal_gpio.o
 .debug_frame   0x000000000000093c      0x1a8 ./Drivers/STM32L0xx_HAL_Driver/Src/stm32l0xx_hal_rcc.o
 .debug_frame   0x0000000000000ae4       0x2c e:/apps/stmcubeide/stm32cubeide_1.11.0/stm32cubeide/plugins/com.st.stm32cube.ide.mcu.externaltools.gnu-tools-for-stm32.10.3-2021.10.win32_1.0.100.202210260954/tools/bin/../lib/gcc/arm-none-eabi/10.3.1/../../../../arm-none-eabi/lib/thumb/v6-m/nofp\libc_nano.a(lib_a-init.o)
 .debug_frame   0x0000000000000b10       0x20 e:/apps/stmcubeide/stm32cubeide_1.11.0/stm32cubeide/plugins/com.st.stm32cube.ide.mcu.externaltools.gnu-tools-for-stm32.10.3-2021.10.win32_1.0.100.202210260954/tools/bin/../lib/gcc/arm-none-eabi/10.3.1/../../../../arm-none-eabi/lib/thumb/v6-m/nofp\libc_nano.a(lib_a-memset.o)
 .debug_frame   0x0000000000000b30       0x20 e:/apps/stmcubeide/stm32cubeide_1.11.0/stm32cubeide/plugins/com.st.stm32cube.ide.mcu.externaltools.gnu-tools-for-stm32.10.3-2021.10.win32_1.0.100.202210260954/tools/bin/../lib/gcc/arm-none-eabi/10.3.1/thumb/v6-m/nofp\libgcc.a(_udivsi3.o)
 .debug_frame   0x0000000000000b50       0x34 e:/apps/stmcubeide/stm32cubeide_1.11.0/stm32cubeide/plugins/com.st.stm32cube.ide.mcu.externaltools.gnu-tools-for-stm32.10.3-2021.10.win32_1.0.100.202210260954/tools/bin/../lib/gcc/arm-none-eabi/10.3.1/thumb/v6-m/nofp\libgcc.a(_muldi3.o)
 .debug_frame   0x0000000000000b84       0x3c e:/apps/stmcubeide/stm32cubeide_1.11.0/stm32cubeide/plugins/com.st.stm32cube.ide.mcu.externaltools.gnu-tools-for-stm32.10.3-2021.10.win32_1.0.100.202210260954/tools/bin/../lib/gcc/arm-none-eabi/10.3.1/thumb/v6-m/nofp\libgcc.a(_udivmoddi4.o)
