../Drivers/STM32L0xx_HAL_Driver/Src/stm32l0xx_hal_adc.c:393:19:HAL_ADC_Init	16	static
../Drivers/STM32L0xx_HAL_Driver/Src/stm32l0xx_hal_adc.c:639:19:HAL_ADC_DeInit	32	static
../Drivers/STM32L0xx_HAL_Driver/Src/stm32l0xx_hal_adc.c:770:13:HAL_ADC_MspInit	16	static
../Drivers/STM32L0xx_HAL_Driver/Src/stm32l0xx_hal_adc.c:785:13:HAL_ADC_MspDeInit	16	static
../Drivers/STM32L0xx_HAL_Driver/Src/stm32l0xx_hal_adc.c:1023:19:HAL_ADC_Start	32	static
../Drivers/STM32L0xx_HAL_Driver/Src/stm32l0xx_hal_adc.c:1089:19:HAL_ADC_Stop	32	static
../Drivers/STM32L0xx_HAL_Driver/Src/stm32l0xx_hal_adc.c:1143:19:HAL_ADC_PollForConversion	24	static
../Drivers/STM32L0xx_HAL_Driver/Src/stm32l0xx_hal_adc.c:1273:19:HAL_ADC_PollForEvent	32	static
../Drivers/STM32L0xx_HAL_Driver/Src/stm32l0xx_hal_adc.c:1360:19:HAL_ADC_Start_IT	32	static
../Drivers/STM32L0xx_HAL_Driver/Src/stm32l0xx_hal_adc.c:1441:19:HAL_ADC_Stop_IT	32	static
../Drivers/STM32L0xx_HAL_Driver/Src/stm32l0xx_hal_adc.c:1491:19:HAL_ADC_Start_DMA	40	static
../Drivers/STM32L0xx_HAL_Driver/Src/stm32l0xx_hal_adc.c:1581:19:HAL_ADC_Stop_DMA	32	static
../Drivers/STM32L0xx_HAL_Driver/Src/stm32l0xx_hal_adc.c:1666:10:HAL_ADC_GetValue	16	static
../Drivers/STM32L0xx_HAL_Driver/Src/stm32l0xx_hal_adc.c:1683:6:HAL_ADC_IRQHandler	24	static
../Drivers/STM32L0xx_HAL_Driver/Src/stm32l0xx_hal_adc.c:1817:13:HAL_ADC_ConvCpltCallback	16	static
../Drivers/STM32L0xx_HAL_Driver/Src/stm32l0xx_hal_adc.c:1832:13:HAL_ADC_ConvHalfCpltCallback	16	static
../Drivers/STM32L0xx_HAL_Driver/Src/stm32l0xx_hal_adc.c:1847:13:HAL_ADC_LevelOutOfWindowCallback	16	static
../Drivers/STM32L0xx_HAL_Driver/Src/stm32l0xx_hal_adc.c:1869:13:HAL_ADC_ErrorCallback	16	static
../Drivers/STM32L0xx_HAL_Driver/Src/stm32l0xx_hal_adc.c:1920:19:HAL_ADC_ConfigChannel	16	static
../Drivers/STM32L0xx_HAL_Driver/Src/stm32l0xx_hal_adc.c:2039:19:HAL_ADC_AnalogWDGConfig	32	static
../Drivers/STM32L0xx_HAL_Driver/Src/stm32l0xx_hal_adc.c:2156:10:HAL_ADC_GetState	16	static
../Drivers/STM32L0xx_HAL_Driver/Src/stm32l0xx_hal_adc.c:2170:10:HAL_ADC_GetError	16	static
../Drivers/STM32L0xx_HAL_Driver/Src/stm32l0xx_hal_adc.c:2203:26:ADC_Enable	24	static
../Drivers/STM32L0xx_HAL_Driver/Src/stm32l0xx_hal_adc.c:2265:26:ADC_Disable	24	static
../Drivers/STM32L0xx_HAL_Driver/Src/stm32l0xx_hal_adc.c:2326:26:ADC_ConversionStop	24	static
../Drivers/STM32L0xx_HAL_Driver/Src/stm32l0xx_hal_adc.c:2380:13:ADC_DMAConvCplt	24	static
../Drivers/STM32L0xx_HAL_Driver/Src/stm32l0xx_hal_adc.c:2444:13:ADC_DMAHalfConvCplt	24	static
../Drivers/STM32L0xx_HAL_Driver/Src/stm32l0xx_hal_adc.c:2462:13:ADC_DMAError	24	static
../Drivers/STM32L0xx_HAL_Driver/Src/stm32l0xx_hal_adc.c:2486:13:ADC_DelayMicroSecond	24	static
